// Jest Snapshot v1, https://goo.gl/fbAQLP

exports[`Quiz Renders correctly 1`] = `ShallowWrapper {}`;

exports[`Quiz renders correctly 1`] = `"waiting for 0s round to load load"`;
